 game

 Timestamp is 6a0b7b46 (Mon May 18 22:49:10 2026)

 Preferred load address is 0000000140000000

 Start         Length     Name                   Class
 0001:00000000 0000081dH .text                   CODE
 0001:00000b10 000000a0H .rdata                  CODE
 0002:00000000 00000000H .data                   DATA
 0002:00000000 00000004H .bss                    DATA

  Address         Publics by Value              Rva+Base               Lib:Object

 0001:00000000       memset                     0000000140001000     main-cad939.o
 0001:000005ef       memcpy                     00000001400015ef     main-cad939.o
 0001:0000060a       _main                      000000014000160a     main-cad939.o
 0001:00000928       __imp_ExitProcess          0000000140001928     kernel32:KERNEL32.dll
 0001:00000930       __imp_GetModuleHandleA     0000000140001930     kernel32:KERNEL32.dll
 0001:00000940       __imp_CreateWindowExA      0000000140001940     user32:USER32.dll
 0001:00000948       __imp_DefWindowProcA       0000000140001948     user32:USER32.dll
 0001:00000950       __imp_DispatchMessageA     0000000140001950     user32:USER32.dll
 0001:00000958       __imp_GetDC                0000000140001958     user32:USER32.dll
 0001:00000960       __imp_PeekMessageA         0000000140001960     user32:USER32.dll
 0001:00000968       __imp_RegisterClassA       0000000140001968     user32:USER32.dll
 0001:00000970       __imp_TranslateMessage     0000000140001970     user32:USER32.dll
 0001:00000980       __imp_ChoosePixelFormat    0000000140001980     gdi32:GDI32.dll
 0001:00000988       __imp_SetPixelFormat       0000000140001988     gdi32:GDI32.dll
 0001:00000990       __imp_SwapBuffers          0000000140001990     gdi32:GDI32.dll
 0001:000009a0       __imp_glClear              00000001400019a0     opengl32:OPENGL32.dll
 0001:000009a8       __imp_glClearColor         00000001400019a8     opengl32:OPENGL32.dll
 0001:000009b0       __imp_wglCreateContext     00000001400019b0     opengl32:OPENGL32.dll
 0001:000009b8       __imp_wglMakeCurrent       00000001400019b8     opengl32:OPENGL32.dll
 0001:00000b10       __xmm@000000000000000f000000000000000e 0000000140001b10     main-cad939.o
 0001:00000b20       __xmm@000000000000000d000000000000000c 0000000140001b20     main-cad939.o
 0001:00000b30       __xmm@000000000000000b000000000000000a 0000000140001b30     main-cad939.o
 0001:00000b40       __xmm@00000000000000090000000000000008 0000000140001b40     main-cad939.o
 0001:00000b50       __xmm@00000000000000070000000000000006 0000000140001b50     main-cad939.o
 0001:00000b60       __xmm@00000000000000050000000000000004 0000000140001b60     main-cad939.o
 0001:00000b70       __xmm@00000000000000030000000000000002 0000000140001b70     main-cad939.o
 0001:00000b80       __xmm@00000000000000010000000000000000 0000000140001b80     main-cad939.o
 0001:00000b90       __xmm@80000000800000008000000080000000 0000000140001b90     main-cad939.o
 0001:00000ba0       __real@3e4ccccd            0000000140001ba0     main-cad939.o
 0001:00000ba4       __real@3dcccccd            0000000140001ba4     main-cad939.o
 0001:00000ba8       __real@3e99999a            0000000140001ba8     main-cad939.o
 0001:00000bac       __real@3f800000            0000000140001bac     main-cad939.o
 0001:00000bb0       ??_C@_01JEJKBAGA@g?$AA@    0000000140001bb0     main-cad939.o
 0001:00000bb2       ??_C@_04MJNAPEEI@game?$AA@ 0000000140001bb2     main-cad939.o
 0002:00000000       _fltused                   0000000140002000     main-cad939.o

 entry point at         0001:0000060a

 Static symbols

